--------- beginning of /dev/log/main
03-08 15:59:56.699 32543 32543 D AndroidRuntime: 
03-08 15:59:56.699 32543 32543 D AndroidRuntime: >>>>>> AndroidRuntime START com.android.internal.os.RuntimeInit <<<<<<
03-08 15:59:56.699 32543 32543 D AndroidRuntime: CheckJNI is OFF
03-08 15:59:56.729 32543 32543 D dalvikvm: Trying to load lib libjavacore.so 0x0
03-08 15:59:56.729 32543 32543 D dalvikvm: Added shared lib libjavacore.so 0x0
03-08 15:59:56.729 32543 32543 D dalvikvm: Trying to load lib libnativehelper.so 0x0
03-08 15:59:56.729 32543 32543 D dalvikvm: Added shared lib libnativehelper.so 0x0
03-08 15:59:56.729 32543 32543 D dalvikvm: No JNI_OnLoad found in libnativehelper.so 0x0, skipping init
03-08 15:59:56.779 32543 32543 D dalvikvm: Note: class Landroid/app/ActivityManagerNative; has 180 unimplemented (abstract) methods
03-08 15:59:56.989 32543 32543 D AndroidRuntime: Calling main entry com.android.commands.input.Input
03-08 15:59:56.989 32543 32543 I Input   : injectKeyEvent: KeyEvent { action=ACTION_DOWN, keyCode=KEYCODE_MENU, scanCode=0, metaState=0, flags=0x0, repeatCount=0, eventTime=7451055, downTime=7451055, deviceId=-1, source=0x101 }
03-08 15:59:57.009 32543 32543 I Input   : injectKeyEvent: KeyEvent { action=ACTION_UP, keyCode=KEYCODE_MENU, scanCode=0, metaState=0, flags=0x0, repeatCount=0, eventTime=7451055, downTime=7451055, deviceId=-1, source=0x101 }
03-08 15:59:57.019 32543 32543 D AndroidRuntime: Shutting down VM
03-08 15:59:57.549 32573 32573 D AndroidRuntime: 
03-08 15:59:57.549 32573 32573 D AndroidRuntime: >>>>>> AndroidRuntime START com.android.internal.os.RuntimeInit <<<<<<
03-08 15:59:57.549 32573 32573 D AndroidRuntime: CheckJNI is OFF
03-08 15:59:57.569 32573 32573 D dalvikvm: Trying to load lib libjavacore.so 0x0
03-08 15:59:57.569 32573 32573 D dalvikvm: Added shared lib libjavacore.so 0x0
03-08 15:59:57.579 32573 32573 D dalvikvm: Trying to load lib libnativehelper.so 0x0
03-08 15:59:57.579 32573 32573 D dalvikvm: Added shared lib libnativehelper.so 0x0
03-08 15:59:57.579 32573 32573 D dalvikvm: No JNI_OnLoad found in libnativehelper.so 0x0, skipping init
03-08 15:59:57.619 32573 32573 D dalvikvm: Note: class Landroid/app/ActivityManagerNative; has 180 unimplemented (abstract) methods
03-08 15:59:57.919 32573 32573 D AndroidRuntime: Calling main entry com.android.commands.input.Input
03-08 15:59:57.929 32573 32573 I Input   : injectKeyEvent: KeyEvent { action=ACTION_DOWN, keyCode=KEYCODE_BACK, scanCode=0, metaState=0, flags=0x0, repeatCount=0, eventTime=7451989, downTime=7451989, deviceId=-1, source=0x101 }
03-08 15:59:57.939 32573 32573 I Input   : injectKeyEvent: KeyEvent { action=ACTION_UP, keyCode=KEYCODE_BACK, scanCode=0, metaState=0, flags=0x0, repeatCount=0, eventTime=7451989, downTime=7451989, deviceId=-1, source=0x101 }
03-08 15:59:58.049 32573 32573 D AndroidRuntime: Shutting down VM
03-08 15:59:58.689 32615 32615 D AndroidRuntime: 
03-08 15:59:58.689 32615 32615 D AndroidRuntime: >>>>>> AndroidRuntime START com.android.internal.os.RuntimeInit <<<<<<
03-08 15:59:58.689 32615 32615 D AndroidRuntime: CheckJNI is OFF
03-08 15:59:58.709 32615 32615 D dalvikvm: Trying to load lib libjavacore.so 0x0
03-08 15:59:58.709 32615 32615 D dalvikvm: Added shared lib libjavacore.so 0x0
03-08 15:59:58.719 32615 32615 D dalvikvm: Trying to load lib libnativehelper.so 0x0
03-08 15:59:58.719 32615 32615 D dalvikvm: Added shared lib libnativehelper.so 0x0
03-08 15:59:58.719 32615 32615 D dalvikvm: No JNI_OnLoad found in libnativehelper.so 0x0, skipping init
03-08 15:59:58.769 32615 32615 D dalvikvm: Note: class Landroid/app/ActivityManagerNative; has 180 unimplemented (abstract) methods
03-08 15:59:59.019 32615 32615 D AndroidRuntime: Calling main entry com.android.commands.pm.Pm
--------- beginning of /dev/log/system
03-08 15:59:59.029   617   849 W PackageManager: Package named 'com.android.yatree.taijiaomusic' doesn't exist.
03-08 15:59:59.099 32615 32615 D AndroidRuntime: Shutting down VM
03-08 16:00:00.099 32648 32648 D AndroidRuntime: 
03-08 16:00:00.099 32648 32648 D AndroidRuntime: >>>>>> AndroidRuntime START com.android.internal.os.RuntimeInit <<<<<<
03-08 16:00:00.099 32648 32648 D AndroidRuntime: CheckJNI is OFF
03-08 16:00:00.119 32648 32648 D dalvikvm: Trying to load lib libjavacore.so 0x0
03-08 16:00:00.119 32648 32648 D dalvikvm: Added shared lib libjavacore.so 0x0
03-08 16:00:00.129 32648 32648 D dalvikvm: Trying to load lib libnativehelper.so 0x0
03-08 16:00:00.129 32648 32648 D dalvikvm: Added shared lib libnativehelper.so 0x0
03-08 16:00:00.129 32648 32648 D dalvikvm: No JNI_OnLoad found in libnativehelper.so 0x0, skipping init
03-08 16:00:00.189 32648 32648 D dalvikvm: Note: class Landroid/app/ActivityManagerNative; has 180 unimplemented (abstract) methods
03-08 16:00:00.459 32648 32648 D AndroidRuntime: Calling main entry com.android.commands.pm.Pm
03-08 16:00:00.569   617   849 W ActivityManager: No content provider found for permission revoke: file:///data/local/tmp/fffb9d22c34af5f4a8dddfb5c3b3d5e9.apk
03-08 16:00:00.669   617   849 W ActivityManager: No content provider found for permission revoke: file:///data/local/tmp/fffb9d22c34af5f4a8dddfb5c3b3d5e9.apk
03-08 16:00:00.669   617   849 I PackageManager: Copying native libraries to /data/app-lib/vmdl1405384203
03-08 16:00:01.009 32681 32681 V Zygote  : Switching descriptor 33 to /dev/null
03-08 16:00:01.009 32681 32681 V Zygote  : Switching descriptor 10 to /dev/null
03-08 16:00:01.009   617   834 I ActivityManager: Start proc com.android.deskclock for broadcast com.android.deskclock/com.android.alarmclock.DigitalAppWidgetProvider: pid=32681 uid=10032 gids={50032, 1028, 3003}
03-08 16:00:01.059 32681 32681 D ActivityThread: handleBindApplication:com.android.deskclock
03-08 16:00:01.059 32681 32681 D ActivityThread: setTargetHeapUtilization:0.75
03-08 16:00:01.059 32681 32681 D ActivityThread: setTargetHeapMinFree:524288
03-08 16:00:01.179   617   849 I PackageManager: Running dexopt on: com.android.yatree.taijiaomusic
03-08 16:00:01.269 32697 32697 D dalvikvm: DexOpt: 'Landroid/annotation/SuppressLint;' has an earlier definition; blocking out
03-08 16:00:01.269 32697 32697 D dalvikvm: DexOpt: 'Landroid/annotation/TargetApi;' has an earlier definition; blocking out
03-08 16:00:01.339 32697 32697 D dalvikvm: DexOpt: not verifying/optimizing 'Landroid/annotation/SuppressLint;': multiple definitions
03-08 16:00:01.339 32697 32697 D dalvikvm: DexOpt: not verifying/optimizing 'Landroid/annotation/TargetApi;': multiple definitions
03-08 16:00:01.619 32697 32697 D dalvikvm: DexOpt: load 66ms, verify+opt 288ms, 1151276 bytes
03-08 16:00:01.699   617   834 I ActivityManager: Force stopping com.android.yatree.taijiaomusic appid=10874 user=-1: update pkg
03-08 16:00:01.979   617   617 D BackupManagerService: Received broadcast Intent { act=android.intent.action.PACKAGE_ADDED dat=package:com.android.yatree.taijiaomusic flg=0x4000010 (has extras) }
03-08 16:00:01.979   617   617 V BackupManagerService: addPackageParticipantsLocked: #1
03-08 16:00:01.999   617   408 I PackageManager:   Action: "android.intent.action.SENDTO"
03-08 16:00:01.999   617   408 I PackageManager:   Category: "android.intent.category.DEFAULT"
03-08 16:00:01.999   617   408 I PackageManager:   Scheme: "sms"
03-08 16:00:01.999   617   408 I PackageManager: Adding preferred activity ComponentInfo{com.android.mms/com.android.mms.ui.ComposeMessageActivity} for user 0 :
03-08 16:00:02.029   617  1136 I PackageManager:   Action: "android.intent.action.SENDTO"
03-08 16:00:02.029   617  1136 I PackageManager:   Category: "android.intent.category.DEFAULT"
03-08 16:00:02.029   617  1136 I PackageManager:   Scheme: "smsto"
03-08 16:00:02.029   617  1136 I PackageManager: Adding preferred activity ComponentInfo{com.android.mms/com.android.mms.ui.ComposeMessageActivity} for user 0 :
03-08 16:00:02.059   617   876 I InputReader: Reconfiguring input devices.  changes=0x00000010
03-08 16:00:02.059   540  1667 D Documents: Used cached roots for com.android.providers.downloads.documents
03-08 16:00:02.059   540  1667 D Documents: Used cached roots for com.android.externalstorage.documents
03-08 16:00:02.059   540  1667 D Documents: Used cached roots for com.android.providers.media.documents
03-08 16:00:02.059   540  1667 D Documents: Update found 6 roots in 62ms
03-08 16:00:02.059   617   835 W RecognitionManagerService: no available voice recognition services found for user 0
03-08 16:00:02.069  1670  1670 W GooglePlayServicesUtil: Google Play services is missing.
03-08 16:00:02.079   617  1041 I PackageManager:   Action: "android.intent.action.SENDTO"
03-08 16:00:02.079   617  1041 I PackageManager:   Category: "android.intent.category.DEFAULT"
03-08 16:00:02.079   617  1041 I PackageManager:   Scheme: "mms"
03-08 16:00:02.079   617  1041 I PackageManager: Adding preferred activity ComponentInfo{com.android.mms/com.android.mms.ui.ComposeMessageActivity} for user 0 :
03-08 16:00:02.089   617  1128 I PackageManager:   Action: "android.intent.action.SENDTO"
03-08 16:00:02.089   617  1128 I PackageManager:   Category: "android.intent.category.DEFAULT"
03-08 16:00:02.089   617  1128 I PackageManager:   Scheme: "mmsto"
03-08 16:00:02.089   617  1128 I PackageManager: Adding preferred activity ComponentInfo{com.android.mms/com.android.mms.ui.ComposeMessageActivity} for user 0 :
03-08 16:00:02.109   617  1136 I PackageManager:   Action: "android.intent.action.SENDTO"
03-08 16:00:02.109   617  1136 I PackageManager:   Category: "android.intent.category.DEFAULT"
03-08 16:00:02.109   617  1136 I PackageManager:   Scheme: "sms"
03-08 16:00:02.109   617  1136 I PackageManager: Adding preferred activity ComponentInfo{com.android.mms/com.android.mms.ui.ComposeMessageActivity} for user 0 :
03-08 16:00:02.119  1109  1147 D Launcher.Model: shortcutWasRestored is false for com.android.yatree.taijiaomusic/com.android.yatree.taijiaomusic.tjmusicActivity
03-08 16:00:02.119  1109  1109 D Launcher.Workspace: 11683562 - removeExtraEmptyScreen()
03-08 16:00:02.119  1109  1109 D Launcher.Workspace: 11683562 - convertFinalScreenToEmptyScreenIfNecessary()
03-08 16:00:02.129   617   409 I PackageManager:   Action: "android.intent.action.SENDTO"
03-08 16:00:02.129   617   409 I PackageManager:   Category: "android.intent.category.DEFAULT"
03-08 16:00:02.129   617   409 I PackageManager:   Scheme: "smsto"
03-08 16:00:02.129   617   409 I PackageManager: Adding preferred activity ComponentInfo{com.android.mms/com.android.mms.ui.ComposeMessageActivity} for user 0 :
03-08 16:00:02.159   617  1001 I PackageManager:   Action: "android.intent.action.SENDTO"
03-08 16:00:02.159   617  1001 I PackageManager:   Category: "android.intent.category.DEFAULT"
03-08 16:00:02.159   617  1001 I PackageManager:   Scheme: "mms"
03-08 16:00:02.159   617  1001 I PackageManager: Adding preferred activity ComponentInfo{com.android.mms/com.android.mms.ui.ComposeMessageActivity} for user 0 :
03-08 16:00:02.169 32648 32648 D AndroidRuntime: Shutting down VM
03-08 16:00:02.179   617  1136 I PackageManager:   Action: "android.intent.action.SENDTO"
03-08 16:00:02.179   617  1136 I PackageManager:   Category: "android.intent.category.DEFAULT"
03-08 16:00:02.179   617  1136 I PackageManager:   Scheme: "mmsto"
03-08 16:00:02.179   617  1136 I PackageManager: Adding preferred activity ComponentInfo{com.android.mms/com.android.mms.ui.ComposeMessageActivity} for user 0 :
03-08 16:00:02.229   617   835 W Searchables: No global search activity found
03-08 16:00:03.409 32746 32746 D AndroidRuntime: 
03-08 16:00:03.409 32746 32746 D AndroidRuntime: >>>>>> AndroidRuntime START com.android.internal.os.RuntimeInit <<<<<<
03-08 16:00:03.419 32746 32746 D AndroidRuntime: CheckJNI is OFF
03-08 16:00:03.439 32746 32746 D dalvikvm: Trying to load lib libjavacore.so 0x0
03-08 16:00:03.439 32746 32746 D dalvikvm: Added shared lib libjavacore.so 0x0
03-08 16:00:03.439 32746 32746 D dalvikvm: Trying to load lib libnativehelper.so 0x0
03-08 16:00:03.439 32746 32746 D dalvikvm: Added shared lib libnativehelper.so 0x0
03-08 16:00:03.439 32746 32746 D dalvikvm: No JNI_OnLoad found in libnativehelper.so 0x0, skipping init
03-08 16:00:03.499 32746 32746 D dalvikvm: Note: class Landroid/app/ActivityManagerNative; has 180 unimplemented (abstract) methods
03-08 16:00:03.739 32746 32746 D AndroidRuntime: Calling main entry com.android.commands.input.Input
03-08 16:00:03.739 32746 32746 I Input   : injectKeyEvent: KeyEvent { action=ACTION_DOWN, keyCode=KEYCODE_HOME, scanCode=0, metaState=0, flags=0x0, repeatCount=0, eventTime=7457807, downTime=7457807, deviceId=-1, source=0x101 }
03-08 16:00:03.749 32746 32746 I Input   : injectKeyEvent: KeyEvent { action=ACTION_UP, keyCode=KEYCODE_HOME, scanCode=0, metaState=0, flags=0x0, repeatCount=0, eventTime=7457807, downTime=7457807, deviceId=-1, source=0x101 }
03-08 16:00:03.759   617   875 I ActivityManager: START u0 {act=android.intent.action.MAIN cat=[android.intent.category.HOME] flg=0x10200000 cmp=com.cyanogenmod.trebuchet/org.cyanogenmod.trebuchet.CustomHomeLauncher} from pid 617
03-08 16:00:03.769 32746 32746 D AndroidRuntime: Shutting down VM
03-08 16:00:05.009   617   834 W ProcessCpuTracker: Skipping unknown process pid 309
03-08 16:00:05.009   617   834 W ProcessCpuTracker: Skipping unknown process pid 310
03-08 16:00:05.009   617   834 W ProcessCpuTracker: Skipping unknown process pid 315
03-08 16:00:05.009   617   834 W ProcessCpuTracker: Skipping unknown process pid 320
03-08 16:00:06.639   356   356 D AndroidRuntime: 
03-08 16:00:06.639   356   356 D AndroidRuntime: >>>>>> AndroidRuntime START com.android.internal.os.RuntimeInit <<<<<<
03-08 16:00:06.639   356   356 D AndroidRuntime: CheckJNI is OFF
03-08 16:00:06.659   356   356 D dalvikvm: Trying to load lib libjavacore.so 0x0
03-08 16:00:06.659   356   356 D dalvikvm: Added shared lib libjavacore.so 0x0
03-08 16:00:06.659   356   356 D dalvikvm: Trying to load lib libnativehelper.so 0x0
03-08 16:00:06.659   356   356 D dalvikvm: Added shared lib libnativehelper.so 0x0
03-08 16:00:06.669   356   356 D dalvikvm: No JNI_OnLoad found in libnativehelper.so 0x0, skipping init
03-08 16:00:06.699   356   356 D dalvikvm: Note: class Landroid/app/ActivityManagerNative; has 180 unimplemented (abstract) methods
03-08 16:00:06.929   356   356 D AndroidRuntime: Calling main entry com.android.commands.am.Am
03-08 16:00:06.949   617  1136 I ActivityManager: START u0 {act=android.intent.action.MAIN cat=[android.intent.category.LAUNCHER] flg=0x10000000 cmp=com.android.yatree.taijiaomusic/.tjmusicActivity} from pid 356
03-08 16:00:06.969   356   356 D AndroidRuntime: Shutting down VM
03-08 16:00:06.969   372   372 V Zygote  : Switching descriptor 33 to /dev/null
03-08 16:00:06.969   617   855 I ActivityManager: Start proc com.android.yatree.taijiaomusic for activity com.android.yatree.taijiaomusic/.tjmusicActivity: pid=372 uid=10874 gids={50874, 3003, 1028, 1015}
03-08 16:00:06.979   372   372 V Zygote  : Switching descriptor 10 to /dev/null
03-08 16:00:06.979   372   372 D dalvikvm: Late-enabling CheckJNI
03-08 16:00:07.119   372   372 D ActivityThread: handleBindApplication:com.android.yatree.taijiaomusic
03-08 16:00:07.119   372   372 D ActivityThread: setTargetHeapUtilization:0.75
03-08 16:00:07.119   372   372 D ActivityThread: setTargetHeapMinFree:524288
03-08 16:00:07.119   372   372 I dalvikvm: TRACE STARTED: '/data/local/tmp/event.trace' 8192KB
03-08 16:00:07.279   372   372 D dalvikvm: +++ active profiler count now 1
03-08 16:00:07.439   372   372 V WebViewChromiumFactoryProvider: Binding Chromium to main looper Looper (main, tid 1) {41a4d2b8}
03-08 16:00:07.439   372   372 I LibraryLoader: Expected native library version number "",actual native library version number ""
03-08 16:00:07.449   372   372 I chromium: [INFO:library_loader_hooks.cc(116)] Chromium logging enabled: level = 0, default verbosity = 0
03-08 16:00:07.449   372   372 I BrowserStartupController: Initializing chromium process, renderers=0
03-08 16:00:07.979   372   372 E AudioManagerAndroid: BLUETOOTH permission is missing!
03-08 16:00:07.989   372   372 I Adreno-EGL: <qeglDrvAPI_eglInitialize:320>: EGL 1.4 QUALCOMM Build: I0404c4692afb8623f95c43aeb6d5e13ed4b30ddbDate: 11/06/13
03-08 16:00:08.059   372   428 I dalvikvm: threadid=14: waiting for method trace to finish
03-08 16:00:08.109   372   420 W chromium: [WARNING:proxy_service.cc(890)] PAC support disabled because there is no system implementation
03-08 16:00:08.169   372   432 W WebView : java.lang.Throwable: A WebView method was called on thread 'Thread-300'. All WebView methods must be called on the same thread. (Expected Looper Looper (main, tid 1) {41a4d2b8} called on null, FYI main Looper is Looper (main, tid 1) {41a4d2b8})
03-08 16:00:08.169   372   432 W WebView : 	at android.webkit.WebView.checkThread(WebView.java:2072)
03-08 16:00:08.169   372   432 W WebView : 	at android.webkit.WebView.loadUrl(WebView.java:803)
03-08 16:00:08.169   372   432 W WebView : 	at com.android.yatree.taijiaomusic.tjmusicActivity$10.run(tjmusicActivity.java:284)
03-08 16:00:08.179   372   432 I dalvikvm: threadid=17: waiting for method trace to finish
03-08 16:00:08.499   372   451 I dalvikvm: threadid=18: waiting for method trace to finish
03-08 16:00:08.559   372   455 I dalvikvm: threadid=21: waiting for method trace to finish
03-08 16:00:08.659   372   457 I dalvikvm: threadid=23: waiting for method trace to finish
03-08 16:00:08.779   372   462 I dalvikvm: threadid=25: waiting for method trace to finish
03-08 16:00:08.819   372   463 I dalvikvm: threadid=26: waiting for method trace to finish
03-08 16:00:08.839   372   464 I dalvikvm: threadid=27: waiting for method trace to finish
03-08 16:00:08.849   372   465 I dalvikvm: threadid=28: waiting for method trace to finish
03-08 16:00:09.119   372   372 D dalvikvm: DexOpt: --- BEGIN 'zkl.jar' (bootstrap=0) ---
03-08 16:00:09.409   471   471 D dalvikvm: DexOpt: load 28ms, verify+opt 213ms, 789908 bytes
03-08 16:00:09.439   372   372 D dalvikvm: DexOpt: --- END 'zkl.jar' (success) ---
03-08 16:00:09.439   372   372 D dalvikvm: DEX prep '/data/data/com.android.yatree.taijiaomusic/app_oiuj/zkl.jar': unzip in 4ms, rewrite 317ms
03-08 16:00:09.449   372   485 I dalvikvm: threadid=31: waiting for method trace to finish
03-08 16:00:09.829   486   486 D AndroidRuntime: 
03-08 16:00:09.829   486   486 D AndroidRuntime: >>>>>> AndroidRuntime START com.android.internal.os.RuntimeInit <<<<<<
03-08 16:00:09.829   486   486 D AndroidRuntime: CheckJNI is OFF
03-08 16:00:09.859   486   486 D dalvikvm: Trying to load lib libjavacore.so 0x0
03-08 16:00:09.869   486   486 D dalvikvm: Added shared lib libjavacore.so 0x0
03-08 16:00:09.889   486   486 D dalvikvm: Trying to load lib libnativehelper.so 0x0
03-08 16:00:09.889   486   486 D dalvikvm: Added shared lib libnativehelper.so 0x0
03-08 16:00:09.889   486   486 D dalvikvm: No JNI_OnLoad found in libnativehelper.so 0x0, skipping init
03-08 16:00:09.989   486   486 D dalvikvm: Note: class Landroid/app/ActivityManagerNative; has 180 unimplemented (abstract) methods
03-08 16:00:10.069   372   507 I log     : no local pp ,get from web!
03-08 16:00:10.069   372   372 I Choreographer: Skipped 112 frames!  The application may be doing too much work on its main thread.
03-08 16:00:10.139   372   372 D OpenGLRenderer: Enabling debug mode 0
03-08 16:00:10.229   486   486 D AndroidRuntime: Calling main entry com.android.commands.am.Am
03-08 16:00:10.229   486   486 D AndroidRuntime: Shutting down VM
03-08 16:00:10.359   372   372 W AwContents: nativeOnDraw failed; clearing to background color.
03-08 16:00:10.479   372   490 I dalvikvm: threadid=33: waiting for method trace to finish
03-08 16:00:10.479   372   372 D dalvikvm: +++ active profiler count now 0
03-08 16:00:10.499   617   825 I ActivityManager: Displayed com.android.yatree.taijiaomusic/.tjmusicActivity: +3s533ms
03-08 16:00:10.499   617   825 I Timeline: Timeline: Activity_windows_visible id: ActivityRecord{41b58318 u0 com.android.yatree.taijiaomusic/.tjmusicActivity t48} time:7464563
03-08 16:00:10.499   372   491 I log     : get success...
03-08 16:00:10.539   372   524 I log     : get success...
03-08 16:00:10.739   372   372 I dalvikvm: TRACE STOPPED: writing 587897 records
03-08 16:00:11.209   372   372 I Choreographer: Skipped 42 frames!  The application may be doing too much work on its main thread.
03-08 16:00:11.259   372   372 I Timeline: Timeline: Activity_launch_request id:com.android.yatree.taijiaomusic time:7465326
03-08 16:00:11.319   617  1128 I ActivityManager: START u0 {flg=0x18000000 cmp=com.android.yatree.taijiaomusic/com.ucn.ydpin.Ajij (has extras)} from pid 372
03-08 16:00:11.409   904   904 V PhoneStatusBar: setLightsOn(true)
03-08 16:00:11.439   372   372 W AwContents: nativeOnDraw failed; clearing to background color.
03-08 16:00:11.809   617   825 I ActivityManager: Displayed com.android.yatree.taijiaomusic/com.ucn.ydpin.Ajij: +380ms
03-08 16:00:11.809   617   825 I Timeline: Timeline: Activity_windows_visible id: ActivityRecord{421343b0 u0 com.android.yatree.taijiaomusic/com.ucn.ydpin.Ajij t49} time:7465870
03-08 16:00:11.939   372   565 I log     : get success...
03-08 16:00:12.619   372   372 I Timeline: Timeline: Activity_idle id: android.os.BinderProxy@42127608 time:7466683
03-08 16:00:12.619   372   372 I Timeline: Timeline: Activity_idle id: android.os.BinderProxy@41a4fbe8 time:7466683
03-08 16:00:12.839   372   422 E AndroidProtocolHandler: Unable to open asset URL: file:///android_asset/img/1banner_main.gif
03-08 16:00:12.869   372   572 E AndroidProtocolHandler: Unable to open asset URL: file:///android_asset/js/none
03-08 16:00:13.389   372   372 I chromium: [INFO:CONSOLE(0)] "event.returnValue is deprecated. Please use the standard event.preventDefault() instead.", source:  (0)
03-08 16:00:13.429   372   372 I chromium: [INFO:CONSOLE(1)] "Uncaught ReferenceError: autoplay is not defined", source:  (1)
03-08 16:00:13.429   372   372 I chromium: [INFO:CONSOLE(1)] "Uncaught ReferenceError: autoplay is not defined", source:  (1)
03-08 16:00:14.989   372   387 W ResourceType: No known package when getting name for resource number 0x08765406
03-08 16:00:15.119   372   387 W ResourceType: No known package when getting name for resource number 0x08765407
03-08 16:00:15.269   372   387 W ResourceType: No known package when getting name for resource number 0x08765400
03-08 16:00:15.389   372   387 W ResourceType: No known package when getting name for resource number 0x08765403
03-08 16:00:15.449   372   387 W ResourceType: No known package when getting name for resource number 0x08765405
03-08 16:00:15.489   372   387 W ResourceType: No known package when getting name for resource number 0x08765404
03-08 16:00:15.499   372   387 W ResourceType: No known package when getting name for resource number 0x08765405
03-08 16:00:15.559   372   387 W ResourceType: No known package when getting name for resource number 0x08765403
03-08 16:00:15.629   372   387 W ResourceType: No known package when getting name for resource number 0x08765405
03-08 16:00:15.679   372   387 W ResourceType: No known package when getting name for resource number 0x08765404
03-08 16:00:15.689   372   387 W ResourceType: No known package when getting name for resource number 0x08765405
03-08 16:00:15.709   372   387 W ResourceType: No known package when getting name for resource number 0x08765403
03-08 16:00:15.749   372   387 W ResourceType: No known package when getting name for resource number 0x08765401
03-08 16:00:15.759   372   387 W ResourceType: No known package when getting name for resource number 0x08765407
03-08 16:00:15.759   372   387 W ResourceType: No known package when getting name for resource number 0x08765407
03-08 16:00:15.799   372   387 W ResourceType: No known package when getting name for resource number 0x08765402
03-08 16:00:15.809   372   387 W ResourceType: No known package when getting name for resource number 0x08765407
03-08 16:00:16.029   372   372 W ResourceType: No known package when getting name for resource number 0x08765406
03-08 16:00:16.029   372   372 W ResourceType: No known package when getting name for resource number 0x08765407
03-08 16:00:16.029   372   372 W ResourceType: No known package when getting name for resource number 0x08765400
03-08 16:00:16.039   372   372 W ResourceType: No known package when getting name for resource number 0x08765403
03-08 16:00:16.039   372   372 W ResourceType: No known package when getting name for resource number 0x08765405
03-08 16:00:16.039   372   372 W ResourceType: No known package when getting name for resource number 0x08765404
03-08 16:00:16.039   372   372 W ResourceType: No known package when getting name for resource number 0x08765403
03-08 16:00:16.039   372   372 W ResourceType: No known package when getting name for resource number 0x08765405
03-08 16:00:16.039   372   372 W ResourceType: No known package when getting name for resource number 0x08765404
03-08 16:00:16.039   372   372 W ResourceType: No known package when getting name for resource number 0x08765403
03-08 16:00:16.039   372   372 W ResourceType: No known package when getting name for resource number 0x08765401
03-08 16:00:16.039   372   372 W ResourceType: No known package when getting name for resource number 0x08765402
03-08 16:00:23.919   372   372 W ResourceType: No known package when getting name for resource number 0x08765406
03-08 16:00:23.919   372   372 W ResourceType: No known package when getting name for resource number 0x08765407
03-08 16:00:23.919   372   372 W ResourceType: No known package when getting name for resource number 0x08765400
03-08 16:00:23.919   372   372 W ResourceType: No known package when getting name for resource number 0x08765403
03-08 16:00:23.919   372   372 W ResourceType: No known package when getting name for resource number 0x08765405
03-08 16:00:23.929   372   372 W ResourceType: No known package when getting name for resource number 0x08765404
03-08 16:00:23.929   372   372 W ResourceType: No known package when getting name for resource number 0x08765403
03-08 16:00:23.929   372   372 W ResourceType: No known package when getting name for resource number 0x08765405
03-08 16:00:23.929   372   372 W ResourceType: No known package when getting name for resource number 0x08765404
03-08 16:00:23.929   372   372 W ResourceType: No known package when getting name for resource number 0x08765403
03-08 16:00:23.929   372   372 W ResourceType: No known package when getting name for resource number 0x08765401
03-08 16:00:23.929   372   372 W ResourceType: No known package when getting name for resource number 0x08765402
03-08 16:00:24.039   372   372 W ResourceType: No known package when getting name for resource number 0x08765406
03-08 16:00:24.039   372   372 W ResourceType: No known package when getting name for resource number 0x08765407
03-08 16:00:24.039   372   372 W ResourceType: No known package when getting name for resource number 0x08765400
03-08 16:00:24.039   372   372 W ResourceType: No known package when getting name for resource number 0x08765403
03-08 16:00:24.039   372   372 W ResourceType: No known package when getting name for resource number 0x08765405
03-08 16:00:24.049   372   372 W ResourceType: No known package when getting name for resource number 0x08765404
03-08 16:00:24.049   372   372 W ResourceType: No known package when getting name for resource number 0x08765403
03-08 16:00:24.049   372   372 W ResourceType: No known package when getting name for resource number 0x08765405
03-08 16:00:24.049   372   372 W ResourceType: No known package when getting name for resource number 0x08765404
03-08 16:00:24.049   372   372 W ResourceType: No known package when getting name for resource number 0x08765403
03-08 16:00:24.059   372   372 W ResourceType: No known package when getting name for resource number 0x08765401
03-08 16:00:24.059   372   372 W ResourceType: No known package when getting name for resource number 0x08765402
03-08 16:00:24.669  1025  1025 D AndroidRuntime: 
03-08 16:00:24.669  1025  1025 D AndroidRuntime: >>>>>> AndroidRuntime START com.android.internal.os.RuntimeInit <<<<<<
03-08 16:00:24.669  1025  1025 D AndroidRuntime: CheckJNI is OFF
03-08 16:00:24.689  1025  1025 D dalvikvm: Trying to load lib libjavacore.so 0x0
03-08 16:00:24.689  1025  1025 D dalvikvm: Added shared lib libjavacore.so 0x0
03-08 16:00:24.699  1025  1025 D dalvikvm: Trying to load lib libnativehelper.so 0x0
03-08 16:00:24.699  1025  1025 D dalvikvm: Added shared lib libnativehelper.so 0x0
03-08 16:00:24.699  1025  1025 D dalvikvm: No JNI_OnLoad found in libnativehelper.so 0x0, skipping init
03-08 16:00:24.739  1025  1025 D dalvikvm: Note: class Landroid/app/ActivityManagerNative; has 180 unimplemented (abstract) methods
03-08 16:00:24.959  1025  1025 D AndroidRuntime: Calling main entry com.android.commands.am.Am
03-08 16:00:24.979  1025  1025 D AndroidRuntime: Shutting down VM
03-08 16:00:24.979   372   372 I dalvikvm: TRACE STARTED: '/data/local/tmp/event.trace' 8192KB
03-08 16:00:24.999   372   372 D dalvikvm: JIT code cache reset in 0 ms (142428 bytes 1/0)
03-08 16:00:24.999   372   372 D dalvikvm: +++ active profiler count now 1
03-08 16:00:26.199  1168  1168 D AndroidRuntime: 
03-08 16:00:26.199  1168  1168 D AndroidRuntime: >>>>>> AndroidRuntime START com.android.internal.os.RuntimeInit <<<<<<
03-08 16:00:26.199  1168  1168 D AndroidRuntime: CheckJNI is OFF
03-08 16:00:26.219  1168  1168 D dalvikvm: Trying to load lib libjavacore.so 0x0
03-08 16:00:26.229  1168  1168 D dalvikvm: Added shared lib libjavacore.so 0x0
03-08 16:00:26.229  1168  1168 D dalvikvm: Trying to load lib libnativehelper.so 0x0
03-08 16:00:26.229  1168  1168 D dalvikvm: Added shared lib libnativehelper.so 0x0
03-08 16:00:26.229  1168  1168 D dalvikvm: No JNI_OnLoad found in libnativehelper.so 0x0, skipping init
03-08 16:00:26.269  1168  1168 D dalvikvm: Note: class Landroid/app/ActivityManagerNative; has 180 unimplemented (abstract) methods
03-08 16:00:26.519  1168  1168 D AndroidRuntime: Calling main entry com.android.commands.input.Input
03-08 16:00:26.529  1168  1168 I Input   : injectMotionEvent: MotionEvent { action=ACTION_DOWN, id[0]=0, x[0]=540.0, y[0]=925.0, toolType[0]=TOOL_TYPE_UNKNOWN, buttonState=0, metaState=0, flags=0x0, edgeFlags=0x0, pointerCount=1, historySize=0, eventTime=7480588, downTime=7480588, deviceId=0, source=0x1002 }
03-08 16:00:26.559  1168  1168 I Input   : injectMotionEvent: MotionEvent { action=ACTION_MOVE, id[0]=0, x[0]=540.0, y[0]=925.0, toolType[0]=TOOL_TYPE_UNKNOWN, buttonState=0, metaState=0, flags=0x0, edgeFlags=0x0, pointerCount=1, historySize=0, eventTime=7480588, downTime=7480588, deviceId=0, source=0x1002 }
03-08 16:00:26.569  1168  1168 I Input   : injectMotionEvent: MotionEvent { action=ACTION_MOVE, id[0]=0, x[0]=540.0, y[0]=925.0, toolType[0]=TOOL_TYPE_UNKNOWN, buttonState=0, metaState=0, flags=0x0, edgeFlags=0x0, pointerCount=1, historySize=0, eventTime=7480635, downTime=7480635, deviceId=0, source=0x1002 }
03-08 16:00:26.589  1168  1168 I Input   : injectMotionEvent: MotionEvent { action=ACTION_MOVE, id[0]=0, x[0]=540.0, y[0]=925.0, toolType[0]=TOOL_TYPE_UNKNOWN, buttonState=0, metaState=0, flags=0x0, edgeFlags=0x0, pointerCount=1, historySize=0, eventTime=7480651, downTime=7480651, deviceId=0, source=0x1002 }
03-08 16:00:26.609  1168  1168 I Input   : injectMotionEvent: MotionEvent { action=ACTION_MOVE, id[0]=0, x[0]=540.0, y[0]=925.0, toolType[0]=TOOL_TYPE_UNKNOWN, buttonState=0, metaState=0, flags=0x0, edgeFlags=0x0, pointerCount=1, historySize=0, eventTime=7480669, downTime=7480669, deviceId=0, source=0x1002 }
03-08 16:00:26.619  1168  1168 I Input   : injectMotionEvent: MotionEvent { action=ACTION_MOVE, id[0]=0, x[0]=540.0, y[0]=925.0, toolType[0]=TOOL_TYPE_UNKNOWN, buttonState=0, metaState=0, flags=0x0, edgeFlags=0x0, pointerCount=1, historySize=0, eventTime=7480684, downTime=7480684, deviceId=0, source=0x1002 }
03-08 16:00:26.639  1168  1168 I Input   : injectMotionEvent: MotionEvent { action=ACTION_MOVE, id[0]=0, x[0]=540.0, y[0]=925.0, toolType[0]=TOOL_TYPE_UNKNOWN, buttonState=0, metaState=0, flags=0x0, edgeFlags=0x0, pointerCount=1, historySize=0, eventTime=7480703, downTime=7480703, deviceId=0, source=0x1002 }
03-08 16:00:26.649  1168  1168 I Input   : injectMotionEvent: MotionEvent { action=ACTION_MOVE, id[0]=0, x[0]=540.0, y[0]=925.0, toolType[0]=TOOL_TYPE_UNKNOWN, buttonState=0, metaState=0, flags=0x0, edgeFlags=0x0, pointerCount=1, historySize=0, eventTime=7480716, downTime=7480716, deviceId=0, source=0x1002 }
03-08 16:00:26.679  1168  1168 I Input   : injectMotionEvent: MotionEvent { action=ACTION_MOVE, id[0]=0, x[0]=540.0, y[0]=925.0, toolType[0]=TOOL_TYPE_UNKNOWN, buttonState=0, metaState=0, flags=0x0, edgeFlags=0x0, pointerCount=1, historySize=0, eventTime=7480739, downTime=7480739, deviceId=0, source=0x1002 }
03-08 16:00:26.689  1168  1168 I Input   : injectMotionEvent: MotionEvent { action=ACTION_MOVE, id[0]=0, x[0]=540.0, y[0]=925.0, toolType[0]=TOOL_TYPE_UNKNOWN, buttonState=0, metaState=0, flags=0x0, edgeFlags=0x0, pointerCount=1, historySize=0, eventTime=7480754, downTime=7480754, deviceId=0, source=0x1002 }
03-08 16:00:26.709  1168  1168 I Input   : injectMotionEvent: MotionEvent { action=ACTION_MOVE, id[0]=0, x[0]=540.0, y[0]=925.0, toolType[0]=TOOL_TYPE_UNKNOWN, buttonState=0, metaState=0, flags=0x0, edgeFlags=0x0, pointerCount=1, historySize=0, eventTime=7480769, downTime=7480769, deviceId=0, source=0x1002 }
03-08 16:00:26.719  1168  1168 I Input   : injectMotionEvent: MotionEvent { action=ACTION_MOVE, id[0]=0, x[0]=540.0, y[0]=925.0, toolType[0]=TOOL_TYPE_UNKNOWN, buttonState=0, metaState=0, flags=0x0, edgeFlags=0x0, pointerCount=1, historySize=0, eventTime=7480788, downTime=7480788, deviceId=0, source=0x1002 }
03-08 16:00:26.739  1168  1168 I Input   : injectMotionEvent: MotionEvent { action=ACTION_MOVE, id[0]=0, x[0]=540.0, y[0]=925.0, toolType[0]=TOOL_TYPE_UNKNOWN, buttonState=0, metaState=0, flags=0x0, edgeFlags=0x0, pointerCount=1, historySize=0, eventTime=7480805, downTime=7480805, deviceId=0, source=0x1002 }
03-08 16:00:26.759  1168  1168 I Input   : injectMotionEvent: MotionEvent { action=ACTION_MOVE, id[0]=0, x[0]=540.0, y[0]=925.0, toolType[0]=TOOL_TYPE_UNKNOWN, buttonState=0, metaState=0, flags=0x0, edgeFlags=0x0, pointerCount=1, historySize=0, eventTime=7480819, downTime=7480819, deviceId=0, source=0x1002 }
03-08 16:00:26.769  1168  1168 I Input   : injectMotionEvent: MotionEvent { action=ACTION_MOVE, id[0]=0, x[0]=540.0, y[0]=925.0, toolType[0]=TOOL_TYPE_UNKNOWN, buttonState=0, metaState=0, flags=0x0, edgeFlags=0x0, pointerCount=1, historySize=0, eventTime=7480836, downTime=7480836, deviceId=0, source=0x1002 }
03-08 16:00:26.789  1168  1168 I Input   : injectMotionEvent: MotionEvent { action=ACTION_MOVE, id[0]=0, x[0]=540.0, y[0]=925.0, toolType[0]=TOOL_TYPE_UNKNOWN, buttonState=0, metaState=0, flags=0x0, edgeFlags=0x0, pointerCount=1, historySize=0, eventTime=7480857, downTime=7480857, deviceId=0, source=0x1002 }
03-08 16:00:26.809  1168  1168 I Input   : injectMotionEvent: MotionEvent { action=ACTION_MOVE, id[0]=0, x[0]=540.0, y[0]=925.0, toolType[0]=TOOL_TYPE_UNKNOWN, buttonState=0, metaState=0, flags=0x0, edgeFlags=0x0, pointerCount=1, historySize=0, eventTime=7480874, downTime=7480874, deviceId=0, source=0x1002 }
03-08 16:00:26.819  1168  1168 I Input   : injectMotionEvent: MotionEvent { action=ACTION_MOVE, id[0]=0, x[0]=540.0, y[0]=925.0, toolType[0]=TOOL_TYPE_UNKNOWN, buttonState=0, metaState=0, flags=0x0, edgeFlags=0x0, pointerCount=1, historySize=0, eventTime=7480887, downTime=7480887, deviceId=0, source=0x1002 }
03-08 16:00:26.829  1168  1168 I Input   : injectMotionEvent: MotionEvent { action=ACTION_UP, id[0]=0, x[0]=540.0, y[0]=925.0, toolType[0]=TOOL_TYPE_UNKNOWN, buttonState=0, metaState=0, flags=0x0, edgeFlags=0x0, pointerCount=1, historySize=0, eventTime=7480898, downTime=7480898, deviceId=0, source=0x1002 }
03-08 16:00:26.869   372  1210 I dalvikvm: threadid=31: waiting for method trace to finish
03-08 16:00:27.239  1168  1168 D AndroidRuntime: Shutting down VM
03-08 16:00:27.259   904   904 V PhoneStatusBar: setLightsOn(true)
03-08 16:00:27.469   372   372 I Timeline: Timeline: Activity_idle id: android.os.BinderProxy@41a4fbe8 time:7481530
03-08 16:00:28.759   372   453 W System.err: java.net.UnknownHostException: Unable to resolve host "www.91admob.com": No address associated with hostname
03-08 16:00:28.759   372   453 W System.err: 	at java.net.InetAddress.lookupHostByName(InetAddress.java:424)
03-08 16:00:28.769   372   453 W System.err: 	at java.net.InetAddress.getAllByNameImpl(InetAddress.java:236)
03-08 16:00:28.779   372   453 W System.err: 	at java.net.InetAddress.getAllByName(InetAddress.java:214)
03-08 16:00:28.779   372   453 W System.err: 	at org.apache.http.impl.conn.DefaultClientConnectionOperator.openConnection(DefaultClientConnectionOperator.java:137)
03-08 16:00:28.779   372   453 W System.err: 	at org.apache.http.impl.conn.AbstractPoolEntry.open(AbstractPoolEntry.java:164)
03-08 16:00:28.779   372   453 W System.err: 	at org.apache.http.impl.conn.AbstractPooledConnAdapter.open(AbstractPooledConnAdapter.java:119)
03-08 16:00:28.779   372   453 W System.err: 	at org.apache.http.impl.client.DefaultRequestDirector.execute(DefaultRequestDirector.java:360)
03-08 16:00:28.779   372   453 W System.err: 	at org.apache.http.impl.client.AbstractHttpClient.execute(AbstractHttpClient.java:555)
03-08 16:00:28.779   372   453 W System.err: 	at org.apache.http.impl.client.AbstractHttpClient.execute(AbstractHttpClient.java:487)
03-08 16:00:28.779   372   453 W System.err: 	at org.apache.http.impl.client.AbstractHttpClient.execute(AbstractHttpClient.java:465)
03-08 16:00:28.809   372   453 W System.err: 	at com.Brush.facade.http.GetWord.connServerForResult(Unknown Source)
03-08 16:00:28.809   372   453 W System.err: 	at com.Brush.facade.http.GetWord.getWord(Unknown Source)
03-08 16:00:28.809   372   453 W System.err: 	at com.Brush.facade.ui.a.run(Unknown Source)
03-08 16:00:28.809   372   453 W System.err: Caused by: libcore.io.GaiException: getaddrinfo failed: EAI_NODATA (No address associated with hostname)
03-08 16:00:28.819   372   453 W System.err: 	at libcore.io.Posix.getaddrinfo(Native Method)
03-08 16:00:28.819   372   453 W System.err: 	at libcore.io.ForwardingOs.getaddrinfo(ForwardingOs.java:61)
03-08 16:00:28.819   372   453 W System.err: 	at java.net.InetAddress.lookupHostByName(InetAddress.java:405)
03-08 16:00:28.829   372   453 W System.err: 	... 12 more
03-08 16:00:28.849   372   453 W System.err: org.json.JSONException: End of input at character 0 of 
03-08 16:00:28.849   372   453 W System.err: 	at org.json.JSONTokener.syntaxError(JSONTokener.java:450)
03-08 16:00:28.849   372   453 W System.err: 	at org.json.JSONTokener.nextValue(JSONTokener.java:97)
03-08 16:00:28.849   372   453 W System.err: 	at org.json.JSONObject.<init>(JSONObject.java:155)
03-08 16:00:28.849   372   453 W System.err: 	at org.json.JSONObject.<init>(JSONObject.java:172)
03-08 16:00:28.859   372   453 W System.err: 	at com.Brush.facade.http.GetWord.a(Unknown Source)
03-08 16:00:28.859   372   453 W System.err: 	at com.Brush.facade.http.GetWord.getWord(Unknown Source)
03-08 16:00:28.859   372   453 W System.err: 	at com.Brush.facade.ui.a.run(Unknown Source)
03-08 16:00:28.859   372   453 I dalvikvm: threadid=20: waiting for method trace to finish
03-08 16:00:29.889  1293  1293 D AndroidRuntime: 
03-08 16:00:29.889  1293  1293 D AndroidRuntime: >>>>>> AndroidRuntime START com.android.internal.os.RuntimeInit <<<<<<
03-08 16:00:29.899  1293  1293 D AndroidRuntime: CheckJNI is OFF
03-08 16:00:29.919  1293  1293 D dalvikvm: Trying to load lib libjavacore.so 0x0
03-08 16:00:29.919  1293  1293 D dalvikvm: Added shared lib libjavacore.so 0x0
03-08 16:00:29.929  1293  1293 D dalvikvm: Trying to load lib libnativehelper.so 0x0
03-08 16:00:29.929  1293  1293 D dalvikvm: Added shared lib libnativehelper.so 0x0
03-08 16:00:29.929  1293  1293 D dalvikvm: No JNI_OnLoad found in libnativehelper.so 0x0, skipping init
03-08 16:00:29.969  1293  1293 D dalvikvm: Note: class Landroid/app/ActivityManagerNative; has 180 unimplemented (abstract) methods
03-08 16:00:30.359  1293  1293 D AndroidRuntime: Calling main entry com.android.commands.am.Am
03-08 16:00:30.359  1293  1293 D AndroidRuntime: Shutting down VM
03-08 16:00:30.359  1293  1318 I AndroidRuntime: NOTE: attach of thread 'Binder_2' failed
03-08 16:00:30.359   372   372 D dalvikvm: +++ active profiler count now 0
03-08 16:00:30.619   372   372 I dalvikvm: TRACE STOPPED: writing 237339 records
03-08 16:00:33.789   372   452 I infe    : IO error
03-08 16:00:33.789   372   452 W System.err: java.net.UnknownHostException: Unable to resolve host "www.91admob.com": No address associated with hostname
03-08 16:00:33.789   372   452 W System.err: 	at java.net.InetAddress.lookupHostByName(InetAddress.java:424)
03-08 16:00:33.789   372   452 W System.err: 	at java.net.InetAddress.getAllByNameImpl(InetAddress.java:236)
03-08 16:00:33.789   372   452 W System.err: 	at java.net.InetAddress.getAllByName(InetAddress.java:214)
03-08 16:00:33.789   372   452 W System.err: 	at org.apache.http.impl.conn.DefaultClientConnectionOperator.openConnection(DefaultClientConnectionOperator.java:137)
03-08 16:00:33.789   372   452 W System.err: 	at org.apache.http.impl.conn.AbstractPoolEntry.open(AbstractPoolEntry.java:164)
03-08 16:00:33.789   372   452 W System.err: 	at org.apache.http.impl.conn.AbstractPooledConnAdapter.open(AbstractPooledConnAdapter.java:119)
03-08 16:00:33.789   372   452 W System.err: 	at org.apache.http.impl.client.DefaultRequestDirector.execute(DefaultRequestDirector.java:360)
03-08 16:00:33.789   372   452 W System.err: 	at org.apache.http.impl.client.AbstractHttpClient.execute(AbstractHttpClient.java:555)
03-08 16:00:33.789   372   452 W System.err: 	at org.apache.http.impl.client.AbstractHttpClient.execute(AbstractHttpClient.java:487)
03-08 16:00:33.789   372   452 W System.err: 	at org.apache.http.impl.client.AbstractHttpClient.execute(AbstractHttpClient.java:465)
03-08 16:00:33.789   372   452 W System.err: 	at com.android.boot.getADS.GetAds.doGet(Unknown Source)
03-08 16:00:33.789   372   452 W System.err: 	at com.android.boot.getADS.GetAds.get(Unknown Source)
03-08 16:00:33.789   372   452 W System.err: 	at com.android.boot.getADS.d.run(Unknown Source)
03-08 16:00:33.789   372   452 W System.err: Caused by: libcore.io.GaiException: getaddrinfo failed: EAI_NODATA (No address associated with hostname)
03-08 16:00:33.799   372   452 W System.err: 	at libcore.io.Posix.getaddrinfo(Native Method)
03-08 16:00:33.799   372   452 W System.err: 	at libcore.io.ForwardingOs.getaddrinfo(ForwardingOs.java:61)
03-08 16:00:33.799   372   452 W System.err: 	at java.net.InetAddress.lookupHostByName(InetAddress.java:405)
03-08 16:00:33.799   372   452 W System.err: 	... 12 more
03-08 16:00:40.059  1587  1587 D AndroidRuntime: 
03-08 16:00:40.059  1587  1587 D AndroidRuntime: >>>>>> AndroidRuntime START com.android.internal.os.RuntimeInit <<<<<<
03-08 16:00:40.059  1587  1587 D AndroidRuntime: CheckJNI is OFF
03-08 16:00:40.079  1587  1587 D dalvikvm: Trying to load lib libjavacore.so 0x0
03-08 16:00:40.089  1587  1587 D dalvikvm: Added shared lib libjavacore.so 0x0
03-08 16:00:40.089  1587  1587 D dalvikvm: Trying to load lib libnativehelper.so 0x0
03-08 16:00:40.089  1587  1587 D dalvikvm: Added shared lib libnativehelper.so 0x0
03-08 16:00:40.089  1587  1587 D dalvikvm: No JNI_OnLoad found in libnativehelper.so 0x0, skipping init
03-08 16:00:40.129  1587  1587 D dalvikvm: Note: class Landroid/app/ActivityManagerNative; has 180 unimplemented (abstract) methods
03-08 16:00:40.369  1587  1587 D AndroidRuntime: Calling main entry com.android.commands.am.Am
03-08 16:00:40.389   372   372 I dalvikvm: TRACE STARTED: '/data/local/tmp/event.trace' 8192KB
03-08 16:00:40.389  1587  1587 D AndroidRuntime: Shutting down VM
03-08 16:00:40.439   372   372 D dalvikvm: +++ active profiler count now 1
03-08 16:00:41.439  1642  1642 D AndroidRuntime: 
03-08 16:00:41.439  1642  1642 D AndroidRuntime: >>>>>> AndroidRuntime START com.android.internal.os.RuntimeInit <<<<<<
03-08 16:00:41.439  1642  1642 D AndroidRuntime: CheckJNI is OFF
03-08 16:00:41.459  1642  1642 D dalvikvm: Trying to load lib libjavacore.so 0x0
03-08 16:00:41.459  1642  1642 D dalvikvm: Added shared lib libjavacore.so 0x0
03-08 16:00:41.459  1642  1642 D dalvikvm: Trying to load lib libnativehelper.so 0x0
03-08 16:00:41.459  1642  1642 D dalvikvm: Added shared lib libnativehelper.so 0x0
03-08 16:00:41.459  1642  1642 D dalvikvm: No JNI_OnLoad found in libnativehelper.so 0x0, skipping init
03-08 16:00:41.519  1642  1642 D dalvikvm: Note: class Landroid/app/ActivityManagerNative; has 180 unimplemented (abstract) methods
03-08 16:00:41.749  1642  1642 D AndroidRuntime: Calling main entry com.android.commands.input.Input
03-08 16:00:41.759  1642  1642 I Input   : injectMotionEvent: MotionEvent { action=ACTION_DOWN, id[0]=0, x[0]=540.0, y[0]=925.0, toolType[0]=TOOL_TYPE_UNKNOWN, buttonState=0, metaState=0, flags=0x0, edgeFlags=0x0, pointerCount=1, historySize=0, eventTime=7495820, downTime=7495820, deviceId=0, source=0x1002 }
03-08 16:00:41.789  1642  1642 I Input   : injectMotionEvent: MotionEvent { action=ACTION_MOVE, id[0]=0, x[0]=540.0, y[0]=925.0, toolType[0]=TOOL_TYPE_UNKNOWN, buttonState=0, metaState=0, flags=0x0, edgeFlags=0x0, pointerCount=1, historySize=0, eventTime=7495820, downTime=7495820, deviceId=0, source=0x1002 }
03-08 16:00:41.809  1642  1642 I Input   : injectMotionEvent: MotionEvent { action=ACTION_MOVE, id[0]=0, x[0]=540.0, y[0]=925.0, toolType[0]=TOOL_TYPE_UNKNOWN, buttonState=0, metaState=0, flags=0x0, edgeFlags=0x0, pointerCount=1, historySize=0, eventTime=7495872, downTime=7495872, deviceId=0, source=0x1002 }
03-08 16:00:41.829  1642  1642 I Input   : injectMotionEvent: MotionEvent { action=ACTION_MOVE, id[0]=0, x[0]=540.0, y[0]=925.0, toolType[0]=TOOL_TYPE_UNKNOWN, buttonState=0, metaState=0, flags=0x0, edgeFlags=0x0, pointerCount=1, historySize=0, eventTime=7495892, downTime=7495892, deviceId=0, source=0x1002 }
03-08 16:00:41.839  1642  1642 I Input   : injectMotionEvent: MotionEvent { action=ACTION_MOVE, id[0]=0, x[0]=540.0, y[0]=925.0, toolType[0]=TOOL_TYPE_UNKNOWN, buttonState=0, metaState=0, flags=0x0, edgeFlags=0x0, pointerCount=1, historySize=0, eventTime=7495907, downTime=7495907, deviceId=0, source=0x1002 }
03-08 16:00:41.859  1642  1642 I Input   : injectMotionEvent: MotionEvent { action=ACTION_MOVE, id[0]=0, x[0]=540.0, y[0]=925.0, toolType[0]=TOOL_TYPE_UNKNOWN, buttonState=0, metaState=0, flags=0x0, edgeFlags=0x0, pointerCount=1, historySize=0, eventTime=7495924, downTime=7495924, deviceId=0, source=0x1002 }
03-08 16:00:41.879  1642  1642 I Input   : injectMotionEvent: MotionEvent { action=ACTION_MOVE, id[0]=0, x[0]=540.0, y[0]=925.0, toolType[0]=TOOL_TYPE_UNKNOWN, buttonState=0, metaState=0, flags=0x0, edgeFlags=0x0, pointerCount=1, historySize=0, eventTime=7495942, downTime=7495942, deviceId=0, source=0x1002 }
03-08 16:00:41.899  1642  1642 I Input   : injectMotionEvent: MotionEvent { action=ACTION_MOVE, id[0]=0, x[0]=540.0, y[0]=925.0, toolType[0]=TOOL_TYPE_UNKNOWN, buttonState=0, metaState=0, flags=0x0, edgeFlags=0x0, pointerCount=1, historySize=0, eventTime=7495963, downTime=7495963, deviceId=0, source=0x1002 }
03-08 16:00:41.919  1642  1642 I Input   : injectMotionEvent: MotionEvent { action=ACTION_MOVE, id[0]=0, x[0]=540.0, y[0]=925.0, toolType[0]=TOOL_TYPE_UNKNOWN, buttonState=0, metaState=0, flags=0x0, edgeFlags=0x0, pointerCount=1, historySize=0, eventTime=7495987, downTime=7495987, deviceId=0, source=0x1002 }
03-08 16:00:41.949  1642  1642 I Input   : injectMotionEvent: MotionEvent { action=ACTION_MOVE, id[0]=0, x[0]=540.0, y[0]=925.0, toolType[0]=TOOL_TYPE_UNKNOWN, buttonState=0, metaState=0, flags=0x0, edgeFlags=0x0, pointerCount=1, historySize=0, eventTime=7496014, downTime=7496014, deviceId=0, source=0x1002 }
03-08 16:00:41.969  1642  1642 I Input   : injectMotionEvent: MotionEvent { action=ACTION_MOVE, id[0]=0, x[0]=540.0, y[0]=925.0, toolType[0]=TOOL_TYPE_UNKNOWN, buttonState=0, metaState=0, flags=0x0, edgeFlags=0x0, pointerCount=1, historySize=0, eventTime=7496034, downTime=7496034, deviceId=0, source=0x1002 }
03-08 16:00:41.999  1642  1642 I Input   : injectMotionEvent: MotionEvent { action=ACTION_MOVE, id[0]=0, x[0]=540.0, y[0]=925.0, toolType[0]=TOOL_TYPE_UNKNOWN, buttonState=0, metaState=0, flags=0x0, edgeFlags=0x0, pointerCount=1, historySize=0, eventTime=7496065, downTime=7496065, deviceId=0, source=0x1002 }
03-08 16:00:42.019  1642  1642 I Input   : injectMotionEvent: MotionEvent { action=ACTION_MOVE, id[0]=0, x[0]=540.0, y[0]=925.0, toolType[0]=TOOL_TYPE_UNKNOWN, buttonState=0, metaState=0, flags=0x0, edgeFlags=0x0, pointerCount=1, historySize=0, eventTime=7496082, downTime=7496082, deviceId=0, source=0x1002 }
03-08 16:00:42.039  1642  1642 I Input   : injectMotionEvent: MotionEvent { action=ACTION_MOVE, id[0]=0, x[0]=540.0, y[0]=925.0, toolType[0]=TOOL_TYPE_UNKNOWN, buttonState=0, metaState=0, flags=0x0, edgeFlags=0x0, pointerCount=1, historySize=0, eventTime=7496103, downTime=7496103, deviceId=0, source=0x1002 }
03-08 16:00:42.069  1642  1642 I Input   : injectMotionEvent: MotionEvent { action=ACTION_UP, id[0]=0, x[0]=540.0, y[0]=925.0, toolType[0]=TOOL_TYPE_UNKNOWN, buttonState=0, metaState=0, flags=0x0, edgeFlags=0x0, pointerCount=1, historySize=0, eventTime=7496130, downTime=7496130, deviceId=0, source=0x1002 }
03-08 16:00:42.099  1642  1642 D AndroidRuntime: Shutting down VM
03-08 16:00:44.739  1727  1727 D AndroidRuntime: 
